nil
1
false
"string"
"Hereâ€™s a non-ASCII character."
{}
[3] {[1] 1, [2] 2, [3] 3}
{a: 1, b: 2, c: 3}
[2] {[1] 4, [2] 5, a: 1, b: 2, c: 3}
[7] {
  [1] 4
  [2] 5
  [3] 6
  [4] 7
  [5] 8
  [6] 9
  [7] 10
  a: 1
  b: 2
  c: 3
}
[8] {
  [1] 4
  [2] 5
  [3] 6
  [4] 7
  [5] 8
  [6] 9
  [7] 10
  [8] 11
  a: 1
  b: 2
  c: 3
}
[3] {
  [1] 1
  [2] 2
  [3] [3] {
    [1] 3
    [2] 4
    [3] {
      a: 1
      b: 2
      c: 3
      d: 4
      e: 5
      f: 6
    }
  }
}
